

================================================================
== Vitis HLS Report for 'xfgray2rgb_720_1280_s'
================================================================
* Date:           Tue Jan 24 22:05:22 2023

* Version:        2020.2 (Build 3064766 on Wed Nov 18 09:12:45 MST 2020)
* Project:        edge_canny_detector
* Solution:       solution1 (Vivado IP Flow Target)
* Product family: zynq
* Target device:  xc7z020-clg400-2


================================================================
== Performance Estimates
================================================================
+ Timing: 
    * Summary: 
    +--------+----------+----------+------------+
    |  Clock |  Target  | Estimated| Uncertainty|
    +--------+----------+----------+------------+
    |ap_clk  |  10.00 ns|  6.802 ns|     2.70 ns|
    +--------+----------+----------+------------+

+ Latency: 
    * Summary: 
    +---------+---------+----------+----------+--------+--------+---------+
    |  Latency (cycles) |  Latency (absolute) |     Interval    | Pipeline|
    |   min   |   max   |    min   |    max   |   min  |   max  |   Type  |
    +---------+---------+----------+----------+--------+--------+---------+
    |   921602|   921602|  9.216 ms|  9.216 ms|  921602|  921602|     none|
    +---------+---------+----------+----------+--------+--------+---------+

    + Detail: 
        * Instance: 
        N/A

        * Loop: 
        +-----------------------------------+---------+---------+----------+-----------+-----------+--------+----------+
        |                                   |  Latency (cycles) | Iteration|  Initiation Interval  |  Trip  |          |
        |             Loop Name             |   min   |   max   |  Latency |  achieved |   target  |  Count | Pipelined|
        +-----------------------------------+---------+---------+----------+-----------+-----------+--------+----------+
        |- VITIS_LOOP_95_1_VITIS_LOOP_97_2  |   921600|   921600|         2|          1|          1|  921600|       yes|
        +-----------------------------------+---------+---------+----------+-----------+-----------+--------+----------+



================================================================
== Utilization Estimates
================================================================
* Summary: 
+-----------------+---------+-----+--------+-------+-----+
|       Name      | BRAM_18K| DSP |   FF   |  LUT  | URAM|
+-----------------+---------+-----+--------+-------+-----+
|DSP              |        -|    -|       -|      -|    -|
|Expression       |        -|    -|       0|     35|    -|
|FIFO             |        -|    -|       -|      -|    -|
|Instance         |        -|    -|       -|      -|    -|
|Memory           |        -|    -|       -|      -|    -|
|Multiplexer      |        -|    -|       -|     75|    -|
|Register         |        -|    -|      28|      -|    -|
+-----------------+---------+-----+--------+-------+-----+
|Total            |        0|    0|      28|    110|    0|
+-----------------+---------+-----+--------+-------+-----+
|Available        |      280|  220|  106400|  53200|    0|
+-----------------+---------+-----+--------+-------+-----+
|Utilization (%)  |        0|    0|      ~0|     ~0|    0|
+-----------------+---------+-----+--------+-------+-----+

+ Detail: 
    * Instance: 
    N/A

    * DSP: 
    N/A

    * Memory: 
    N/A

    * FIFO: 
    N/A

    * Expression: 
    +----------------------------------+----------+----+---+----+------------+------------+
    |           Variable Name          | Operation| DSP| FF| LUT| Bitwidth P0| Bitwidth P1|
    +----------------------------------+----------+----+---+----+------------+------------+
    |add_ln95_fu_62_p2                 |         +|   0|  0|  20|          20|           1|
    |ap_block_pp0_stage0_01001         |       and|   0|  0|   1|           1|           1|
    |icmp_ln95_fu_68_p2                |      icmp|   0|  0|   8|          20|          18|
    |ap_block_state1                   |        or|   0|  0|   1|           1|           1|
    |ap_block_state3_pp0_stage0_iter1  |        or|   0|  0|   1|           1|           1|
    |ap_enable_pp0                     |       xor|   0|  0|   2|           1|           2|
    |ap_enable_reg_pp0_iter1           |       xor|   0|  0|   2|           2|           1|
    +----------------------------------+----------+----+---+----+------------+------------+
    |Total                             |          |   0|  0|  35|          46|          25|
    +----------------------------------+----------+----+---+----+------------+------------+

    * Multiplexer: 
    +-------------------------+----+-----------+-----+-----------+
    |           Name          | LUT| Input Size| Bits| Total Bits|
    +-------------------------+----+-----------+-----+-----------+
    |ap_NS_fsm                |  17|          4|    1|          4|
    |ap_done                  |   9|          2|    1|          2|
    |ap_enable_reg_pp0_iter1  |  13|          3|    1|          3|
    |indvar_flatten_reg_51    |   9|          2|   20|         40|
    |nms_mat_4218_blk_n       |   9|          2|    1|          2|
    |real_start               |   9|          2|    1|          2|
    |rgb_img_dst_4208_blk_n   |   9|          2|    1|          2|
    +-------------------------+----+-----------+-----+-----------+
    |Total                    |  75|         17|   26|         55|
    +-------------------------+----+-----------+-----+-----------+

    * Register: 
    +-------------------------+----+----+-----+-----------+
    |           Name          | FF | LUT| Bits| Const Bits|
    +-------------------------+----+----+-----+-----------+
    |ap_CS_fsm                |   3|   0|    3|          0|
    |ap_done_reg              |   1|   0|    1|          0|
    |ap_enable_reg_pp0_iter0  |   1|   0|    1|          0|
    |ap_enable_reg_pp0_iter1  |   1|   0|    1|          0|
    |icmp_ln95_reg_90         |   1|   0|    1|          0|
    |indvar_flatten_reg_51    |  20|   0|   20|          0|
    |start_once_reg           |   1|   0|    1|          0|
    +-------------------------+----+----+-----+-----------+
    |Total                    |  28|   0|   28|          0|
    +-------------------------+----+----+-----+-----------+



================================================================
== Interface
================================================================
* Summary: 
+-------------------------+-----+-----+------------+-----------------------+--------------+
|        RTL Ports        | Dir | Bits|  Protocol  |     Source Object     |    C Type    |
+-------------------------+-----+-----+------------+-----------------------+--------------+
|ap_clk                   |   in|    1|  ap_ctrl_hs|  xfgray2rgb<720, 1280>|  return value|
|ap_rst                   |   in|    1|  ap_ctrl_hs|  xfgray2rgb<720, 1280>|  return value|
|ap_start                 |   in|    1|  ap_ctrl_hs|  xfgray2rgb<720, 1280>|  return value|
|start_full_n             |   in|    1|  ap_ctrl_hs|  xfgray2rgb<720, 1280>|  return value|
|ap_done                  |  out|    1|  ap_ctrl_hs|  xfgray2rgb<720, 1280>|  return value|
|ap_continue              |   in|    1|  ap_ctrl_hs|  xfgray2rgb<720, 1280>|  return value|
|ap_idle                  |  out|    1|  ap_ctrl_hs|  xfgray2rgb<720, 1280>|  return value|
|ap_ready                 |  out|    1|  ap_ctrl_hs|  xfgray2rgb<720, 1280>|  return value|
|start_out                |  out|    1|  ap_ctrl_hs|  xfgray2rgb<720, 1280>|  return value|
|start_write              |  out|    1|  ap_ctrl_hs|  xfgray2rgb<720, 1280>|  return value|
|nms_mat_4218_dout        |   in|    8|     ap_fifo|           nms_mat_4218|       pointer|
|nms_mat_4218_empty_n     |   in|    1|     ap_fifo|           nms_mat_4218|       pointer|
|nms_mat_4218_read        |  out|    1|     ap_fifo|           nms_mat_4218|       pointer|
|rgb_img_dst_4208_din     |  out|   24|     ap_fifo|       rgb_img_dst_4208|       pointer|
|rgb_img_dst_4208_full_n  |   in|    1|     ap_fifo|       rgb_img_dst_4208|       pointer|
|rgb_img_dst_4208_write   |  out|    1|     ap_fifo|       rgb_img_dst_4208|       pointer|
+-------------------------+-----+-----+------------+-----------------------+--------------+

