

================================================================
== Vitis HLS Report for 'xFSobel_0_2_720_1280_0_3_1_1_5_3_false_s'
================================================================
* Date:           Tue Jan 24 22:05:19 2023

* Version:        2020.2 (Build 3064766 on Wed Nov 18 09:12:45 MST 2020)
* Project:        edge_canny_detector
* Solution:       solution1 (Vivado IP Flow Target)
* Product family: zynq
* Target device:  xc7z020-clg400-2


================================================================
== Performance Estimates
================================================================
+ Timing: 
    * Summary: 
    +--------+----------+----------+------------+
    |  Clock |  Target  | Estimated| Uncertainty|
    +--------+----------+----------+------------+
    |ap_clk  |  10.00 ns|  7.212 ns|     2.70 ns|
    +--------+----------+----------+------------+

+ Latency: 
    * Summary: 
    +---------+---------+----------+----------+--------+--------+---------+
    |  Latency (cycles) |  Latency (absolute) |     Interval    | Pipeline|
    |   min   |   max   |    min   |    max   |   min  |   max  |   Type  |
    +---------+---------+----------+----------+--------+--------+---------+
    |   931779|   931779|  9.318 ms|  9.318 ms|  931779|  931779|     none|
    +---------+---------+----------+----------+--------+--------+---------+

    + Detail: 
        * Instance: 
        +--------------------------------------------------------------+----------------------------------------------------+---------+---------+----------+----------+--------+--------+---------+
        |                                                              |                                                    |  Latency (cycles) |  Latency (absolute) |     Interval    | Pipeline|
        |                           Instance                           |                       Module                       |   min   |   max   |    min   |    max   |   min  |   max  |   Type  |
        +--------------------------------------------------------------+----------------------------------------------------+---------+---------+----------+----------+--------+--------+---------+
        |grp_xFSobel3x3_0_2_720_1280_0_3_1_1_5_1281_3_9_false_s_fu_16  |xFSobel3x3_0_2_720_1280_0_3_1_1_5_1281_3_9_false_s  |   931778|   931778|  9.318 ms|  9.318 ms|  931778|  931778|     none|
        +--------------------------------------------------------------+----------------------------------------------------+---------+---------+----------+----------+--------+--------+---------+

        * Loop: 
        N/A



================================================================
== Utilization Estimates
================================================================
* Summary: 
+-----------------+---------+-----+--------+-------+-----+
|       Name      | BRAM_18K| DSP |   FF   |  LUT  | URAM|
+-----------------+---------+-----+--------+-------+-----+
|DSP              |        -|    -|       -|      -|    -|
|Expression       |        -|    -|       0|      1|    -|
|FIFO             |        -|    -|       -|      -|    -|
|Instance         |        3|    -|     522|    950|    -|
|Memory           |        -|    -|       -|      -|    -|
|Multiplexer      |        -|    -|       -|     58|    -|
|Register         |        -|    -|       5|      -|    -|
+-----------------+---------+-----+--------+-------+-----+
|Total            |        3|    0|     527|   1009|    0|
+-----------------+---------+-----+--------+-------+-----+
|Available        |      280|  220|  106400|  53200|    0|
+-----------------+---------+-----+--------+-------+-----+
|Utilization (%)  |        1|    0|      ~0|      1|    0|
+-----------------+---------+-----+--------+-------+-----+

+ Detail: 
    * Instance: 
    +--------------------------------------------------------------+----------------------------------------------------+---------+----+-----+-----+-----+
    |                           Instance                           |                       Module                       | BRAM_18K| DSP|  FF | LUT | URAM|
    +--------------------------------------------------------------+----------------------------------------------------+---------+----+-----+-----+-----+
    |grp_xFSobel3x3_0_2_720_1280_0_3_1_1_5_1281_3_9_false_s_fu_16  |xFSobel3x3_0_2_720_1280_0_3_1_1_5_1281_3_9_false_s  |        3|   0|  522|  950|    0|
    +--------------------------------------------------------------+----------------------------------------------------+---------+----+-----+-----+-----+
    |Total                                                         |                                                    |        3|   0|  522|  950|    0|
    +--------------------------------------------------------------+----------------------------------------------------+---------+----+-----+-----+-----+

    * DSP: 
    N/A

    * Memory: 
    N/A

    * FIFO: 
    N/A

    * Expression: 
    +-----------------+----------+----+---+----+------------+------------+
    |  Variable Name  | Operation| DSP| FF| LUT| Bitwidth P0| Bitwidth P1|
    +-----------------+----------+----+---+----+------------+------------+
    |ap_block_state1  |        or|   0|  0|   1|           1|           1|
    +-----------------+----------+----+---+----+------------+------------+
    |Total            |          |   0|  0|   1|           1|           1|
    +-----------------+----------+----+---+----+------------+------------+

    * Multiplexer: 
    +------------------------+----+-----------+-----+-----------+
    |          Name          | LUT| Input Size| Bits| Total Bits|
    +------------------------+----+-----------+-----+-----------+
    |ap_NS_fsm               |  13|          3|    1|          3|
    |ap_done                 |   9|          2|    1|          2|
    |gaussian_mat_4209_read  |   9|          2|    1|          2|
    |gradx_mat_4210_write    |   9|          2|    1|          2|
    |grady_mat_4213_write    |   9|          2|    1|          2|
    |real_start              |   9|          2|    1|          2|
    +------------------------+----+-----------+-----+-----------+
    |Total                   |  58|         13|    6|         13|
    +------------------------+----+-----------+-----+-----------+

    * Register: 
    +---------------------------------------------------------------------------+---+----+-----+-----------+
    |                                    Name                                   | FF| LUT| Bits| Const Bits|
    +---------------------------------------------------------------------------+---+----+-----+-----------+
    |ap_CS_fsm                                                                  |  2|   0|    2|          0|
    |ap_done_reg                                                                |  1|   0|    1|          0|
    |grp_xFSobel3x3_0_2_720_1280_0_3_1_1_5_1281_3_9_false_s_fu_16_ap_start_reg  |  1|   0|    1|          0|
    |start_once_reg                                                             |  1|   0|    1|          0|
    +---------------------------------------------------------------------------+---+----+-----+-----------+
    |Total                                                                      |  5|   0|    5|          0|
    +---------------------------------------------------------------------------+---+----+-----+-----------+



================================================================
== Interface
================================================================
* Summary: 
+---------------------------+-----+-----+------------+---------------------------------------------------+--------------+
|         RTL Ports         | Dir | Bits|  Protocol  |                   Source Object                   |    C Type    |
+---------------------------+-----+-----+------------+---------------------------------------------------+--------------+
|ap_clk                     |   in|    1|  ap_ctrl_hs|  xFSobel<0, 2, 720, 1280, 0, 3, 1, 1, 5, 3, false>|  return value|
|ap_rst                     |   in|    1|  ap_ctrl_hs|  xFSobel<0, 2, 720, 1280, 0, 3, 1, 1, 5, 3, false>|  return value|
|ap_start                   |   in|    1|  ap_ctrl_hs|  xFSobel<0, 2, 720, 1280, 0, 3, 1, 1, 5, 3, false>|  return value|
|start_full_n               |   in|    1|  ap_ctrl_hs|  xFSobel<0, 2, 720, 1280, 0, 3, 1, 1, 5, 3, false>|  return value|
|ap_done                    |  out|    1|  ap_ctrl_hs|  xFSobel<0, 2, 720, 1280, 0, 3, 1, 1, 5, 3, false>|  return value|
|ap_continue                |   in|    1|  ap_ctrl_hs|  xFSobel<0, 2, 720, 1280, 0, 3, 1, 1, 5, 3, false>|  return value|
|ap_idle                    |  out|    1|  ap_ctrl_hs|  xFSobel<0, 2, 720, 1280, 0, 3, 1, 1, 5, 3, false>|  return value|
|ap_ready                   |  out|    1|  ap_ctrl_hs|  xFSobel<0, 2, 720, 1280, 0, 3, 1, 1, 5, 3, false>|  return value|
|start_out                  |  out|    1|  ap_ctrl_hs|  xFSobel<0, 2, 720, 1280, 0, 3, 1, 1, 5, 3, false>|  return value|
|start_write                |  out|    1|  ap_ctrl_hs|  xFSobel<0, 2, 720, 1280, 0, 3, 1, 1, 5, 3, false>|  return value|
|gaussian_mat_4209_dout     |   in|    8|     ap_fifo|                                  gaussian_mat_4209|       pointer|
|gaussian_mat_4209_empty_n  |   in|    1|     ap_fifo|                                  gaussian_mat_4209|       pointer|
|gaussian_mat_4209_read     |  out|    1|     ap_fifo|                                  gaussian_mat_4209|       pointer|
|gradx_mat_4210_din         |  out|   16|     ap_fifo|                                     gradx_mat_4210|       pointer|
|gradx_mat_4210_full_n      |   in|    1|     ap_fifo|                                     gradx_mat_4210|       pointer|
|gradx_mat_4210_write       |  out|    1|     ap_fifo|                                     gradx_mat_4210|       pointer|
|grady_mat_4213_din         |  out|   16|     ap_fifo|                                     grady_mat_4213|       pointer|
|grady_mat_4213_full_n      |   in|    1|     ap_fifo|                                     grady_mat_4213|       pointer|
|grady_mat_4213_write       |  out|    1|     ap_fifo|                                     grady_mat_4213|       pointer|
+---------------------------+-----+-----+------------+---------------------------------------------------+--------------+

